bash: vite: command not found
